[backblue.gif]
[fade.gif]
[index.html]
[institutolibertad.cl/wp-includes/js/jquery/jquery.minf43b.js]
[institutolibertad.cl/wp-includes/js/jquery/jquery-migrate.min5589.js]
[institutolibertad.cl/wp-content/plugins/ele-custom-skin/assets/js/ecs_ajax_paginationc6bd.js]
[institutolibertad.cl/wp-content/plugins/ele-custom-skin/assets/js/ecsc6bd.js]
[institutolibertad.cl/wp-content/uploads/2022/04/cropped-site-icon-32x32.png]
[institutolibertad.cl/wp-content/uploads/2022/04/cropped-site-icon-192x192.png]
[institutolibertad.cl/wp-content/uploads/2022/04/cropped-site-icon-180x180.png]
[institutolibertad.cl/wp-content/uploads/2022/04/logo_il.png]
[institutolibertad.cl/wp-content/uploads/2022/12/Logo-Web-colores__3_-removebg-preview-300x169.png]
[institutolibertad.cl/wp-content/uploads/2022/12/HSS_Logo_Deutsch-removebg-preview-300x171.png]
[institutolibertad.cl/wp-content/uploads/2022/12/WhatsApp-Image-2022-12-12-at-11.39.44.jpg]
[institutolibertad.cl/wp-content/uploads/2022/12/WhatsApp-Image-2022-12-12-at-11.39.44-150x150.jpg]
[institutolibertad.cl/wp-content/uploads/2022/12/WhatsApp-Image-2022-12-12-at-11.39.53.jpg]
[institutolibertad.cl/wp-content/uploads/2022/12/WhatsApp-Image-2022-12-12-at-11.39.53-150x150.jpg]
[institutolibertad.cl/wp-content/uploads/2022/12/WhatsApp-Image-2022-12-12-at-11.40.01.jpg]
[institutolibertad.cl/wp-content/uploads/2022/12/WhatsApp-Image-2022-12-12-at-11.40.01-150x150.jpg]
[institutolibertad.cl/wp-content/uploads/2022/12/WhatsApp-Image-2022-12-12-at-11.40.17.jpg]
[institutolibertad.cl/wp-content/uploads/2022/12/WhatsApp-Image-2022-12-12-at-11.40.17-150x150.jpg]
[institutolibertad.cl/wp-content/uploads/2022/12/WhatsApp-Image-2022-12-12-at-11.40.29.jpg]
[institutolibertad.cl/wp-content/uploads/2022/12/WhatsApp-Image-2022-12-12-at-11.40.29-150x150.jpg]
[institutolibertad.cl/wp-content/uploads/2022/12/WhatsApp-Image-2022-12-12-at-11.40.39.jpg]
[institutolibertad.cl/wp-content/uploads/2022/12/WhatsApp-Image-2022-12-12-at-11.40.39-150x150.jpg]
[institutolibertad.cl/wp-content/uploads/2022/12/WhatsApp-Image-2022-12-12-at-11.40.47.jpg]
[institutolibertad.cl/wp-content/uploads/2022/12/WhatsApp-Image-2022-12-12-at-11.40.47-150x150.jpg]
[institutolibertad.cl/wp-content/uploads/2022/12/WhatsApp-Image-2022-12-12-at-11.40.55.jpg]
[institutolibertad.cl/wp-content/uploads/2022/12/WhatsApp-Image-2022-12-12-at-11.40.55-150x150.jpg]
[institutolibertad.cl/wp-content/uploads/2022/12/WhatsApp-Image-2022-12-12-at-11.41.04.jpg]
[institutolibertad.cl/wp-content/uploads/2022/12/WhatsApp-Image-2022-12-12-at-11.41.04-150x150.jpg]
[institutolibertad.cl/wp-content/uploads/2022/12/WhatsApp-Image-2022-12-12-at-11.41.15.jpg]
[institutolibertad.cl/wp-content/uploads/2022/12/WhatsApp-Image-2022-12-12-at-11.41.15-150x150.jpg]
[institutolibertad.cl/wp-content/uploads/2022/12/WhatsApp-Image-2022-12-12-at-11.41.23.jpg]
[institutolibertad.cl/wp-content/uploads/2022/12/WhatsApp-Image-2022-12-12-at-11.41.23-150x150.jpg]
[institutolibertad.cl/wp-content/uploads/2022/12/WhatsApp-Image-2022-12-12-at-12.11.10.jpg]
[institutolibertad.cl/wp-content/uploads/2022/12/WhatsApp-Image-2022-12-12-at-12.11.10-150x150.jpg]
[institutolibertad.cl/wp-content/uploads/2022/04/logo_il_color.png]
[use.fontawesome.com/releases/v6.4.0/css/all91f3.css]
[institutolibertad.cl/wp-content/themes/institutolibertad/assets/js/minified/frontend.minc480.js]
[institutolibertad.cl/wp-includes/js/dist/vendor/wp-polyfill-inert.min0226.js]
[institutolibertad.cl/wp-includes/js/dist/vendor/regenerator-runtime.min6c85.js]
[institutolibertad.cl/wp-includes/js/dist/vendor/wp-polyfill.min2c7c.js]
[institutolibertad.cl/wp-content/plugins/contact-form-7/includes/js/index5406.js]
[institutolibertad.cl/wp-content/themes/institutolibertad-child/dist/js/external/external.min8a54.js]
[institutolibertad.cl/wp-content/themes/institutolibertad-child/dist/js/scripts8a54.js]
[institutolibertad.cl/wp-includes/js/imagesloaded.minbb93.js]
[institutolibertad.cl/wp-content/plugins/elementor/assets/lib/swiper/swiper.min48f5.js]
[institutolibertad.cl/wp-includes/js/masonry.min3a05.js]
[institutolibertad.cl/wp-includes/js/jquery/jquery.masonry.minef70.js]
[institutolibertad.cl/wp-content/plugins/dynamic-content-for-elementor/assets/lib/wow/wow.min91ee.js]
[institutolibertad.cl/wp-content/plugins/dynamic-content-for-elementor/assets/js/acf-repeater.min91ee.js]
[institutolibertad.cl/wp-content/plugins/dynamic-content-for-elementor/assets/lib/datatables/datatables.min91ee.js]
[institutolibertad.cl/wp-content/plugins/elementor-pro/assets/lib/smartmenus/jquery.smartmenus.minf269.js]
[institutolibertad.cl/wp-content/plugins/elementor-pro/assets/js/webpack-pro.runtime.min5589.js]
[institutolibertad.cl/wp-content/plugins/elementor/assets/js/webpack.runtime.min3ab2.js]
[institutolibertad.cl/wp-content/plugins/elementor/assets/js/frontend-modules.min3ab2.js]
[institutolibertad.cl/wp-content/plugins/elementor-pro/assets/js/frontend.min5589.js]
[institutolibertad.cl/wp-content/plugins/elementor/assets/lib/waypoints/waypoints.min05da.js]
[institutolibertad.cl/wp-includes/js/jquery/ui/core.min3f14.js]
[institutolibertad.cl/wp-content/plugins/elementor/assets/lib/share-link/share-link.min3ab2.js]
[institutolibertad.cl/wp-content/plugins/elementor/assets/lib/dialog/dialog.mind227.js]
[institutolibertad.cl/wp-content/plugins/elementor/assets/js/frontend.min3ab2.js]
[institutolibertad.cl/wp-content/plugins/elementor-pro/assets/js/preloaded-elements-handlers.min5589.js]
[institutolibertad.cl/wp-content/plugins/elementor/assets/js/preloaded-modules.min3ab2.js]
[institutolibertad.cl/wp-content/plugins/elementor-pro/assets/lib/sticky/jquery.sticky.min5589.js]
[institutolibertad.cl/wp-content/plugins/dynamic-content-for-elementor/assets/js/settings.min91ee.js]
[institutolibertad.cl/wp-content/plugins/dynamic-content-for-elementor/assets/js/fix-background-loop.min91ee.js]
[institutolibertad.cl/seminarios-y-talleres/index.html]
[institutolibertad.cl/wp-content/themes/institutolibertad/assets/css/minified/frontend.minc480.css]
[institutolibertad.cl/wp-includes/css/dist/block-library/style.mind10b.css]
[institutolibertad.cl/wp-content/plugins/contact-form-7/includes/css/styles5406.css]
[institutolibertad.cl/wp-content/themes/institutolibertad/assets/css/minified/compatibility/contact-form-7-main.minc480.css]
[institutolibertad.cl/wp-content/plugins/elementor/assets/lib/eicons/css/elementor-icons.min7816.css]
[institutolibertad.cl/wp-content/plugins/elementor/assets/css/frontend-legacy.min3ab2.css]
[institutolibertad.cl/wp-content/plugins/elementor/assets/css/frontend.min3ab2.css]
[institutolibertad.cl/wp-content/uploads/elementor/css/post-3248659.css]
[institutolibertad.cl/wp-content/plugins/dynamic-content-for-elementor/assets/css/style.min91ee.css]
[institutolibertad.cl/wp-includes/css/dashicons.mind10b.css]
[institutolibertad.cl/wp-content/plugins/elementor-pro/assets/css/frontend.min5589.css]
[institutolibertad.cl/wp-content/uploads/2022/04/bg-heading.jpg]
[institutolibertad.cl/wp-content/uploads/elementor/css/post-1311e701.css]
[institutolibertad.cl/wp-content/uploads/elementor/css/post-6947975.css]
[institutolibertad.cl/wp-content/uploads/elementor/css/post-10538659.css]
[institutolibertad.cl/wp-content/themes/institutolibertad-child/dist/css/theme.min8a54.css]
[institutolibertad.cl/wp-content/themes/institutolibertad-child/dist/css/external/external.mind10b.css]
[institutolibertad.cl/wp-content/plugins/ele-custom-skin/assets/css/ecs-stylec6bd.css]
[institutolibertad.cl/wp-content/uploads/elementor/css/post-736a185.css]
[institutolibertad.cl/wp-content/plugins/elementor/assets/lib/font-awesome/css/fontawesome.min52d5.css]
[institutolibertad.cl/wp-content/plugins/elementor/assets/lib/font-awesome/css/solid.min52d5.css]
[institutolibertad.cl/wp-content/plugins/dynamic-content-for-elementor/assets/css/dynamic-visibility.min91ee.css]
[institutolibertad.cl/wp-content/plugins/dynamic-content-for-elementor/assets/css/acf-repeater.min91ee.css]
[institutolibertad.cl/wp-content/plugins/dynamic-content-for-elementor/assets/lib/datatables/DataTables-1.10.23/images/sort_both.png]
[institutolibertad.cl/wp-content/plugins/dynamic-content-for-elementor/assets/lib/datatables/DataTables-1.10.23/images/sort_asc.png]
[institutolibertad.cl/wp-content/plugins/dynamic-content-for-elementor/assets/lib/datatables/DataTables-1.10.23/images/sort_desc.png]
[institutolibertad.cl/wp-content/plugins/dynamic-content-for-elementor/assets/lib/datatables/DataTables-1.10.23/images/sort_asc_disabled.png]
[institutolibertad.cl/wp-content/plugins/dynamic-content-for-elementor/assets/lib/datatables/DataTables-1.10.23/images/sort_desc_disabled.png]
[institutolibertad.cl/wp-content/plugins/dynamic-content-for-elementor/assets/lib/datatables/datatables.min91ee.css]
[institutolibertad.cl/wp-content/themes/institutolibertad/assets/css/minified/galleries.minc480.css]
[institutolibertad.cl/wp-content/plugins/elementor/assets/lib/animations/animations.min3ab2.css]
[use.fontawesome.com/releases/v6.4.0/css/all91f3.css]
